import sys
sys.path.append(".")

from ocr import OCR
import base64
import os
import shutil