def max_num(num1, num2, num3):
      if num1 == num2 and num1 >= num3:
            return num1l
      elif num2 >= num1l and num2 >= num3:
            return num2
      else:
            return num3

print(max num(300, 40, 5))