public BasicPlayer()
{
    myHand = new Card[5];
}